org.junit.platform.engine@${platformVersion} jar:file:.+/junit-platform-engine-\d.+\.jar..module-info\.class
exports org.junit.platform.engine
exports org.junit.platform.engine.discovery
exports org.junit.platform.engine.reporting
exports org.junit.platform.engine.support.config
exports org.junit.platform.engine.support.descriptor
exports org.junit.platform.engine.support.discovery
exports org.junit.platform.engine.support.filter
exports org.junit.platform.engine.support.hierarchical
exports org.junit.platform.engine.support.store
requires java.base mandated
requires org.apiguardian.api static transitive
requires org.junit.platform.commons transitive
requires org.opentest4j transitive
uses org.junit.platform.engine.discovery.DiscoverySelectorIdentifierParser
provides org.junit.platform.engine.discovery.DiscoverySelectorIdentifierParser with org.junit.platform.engine.discovery.ClassSelector$IdentifierParser org.junit.platform.engine.discovery.ClasspathResourceSelector$IdentifierParser org.junit.platform.engine.discovery.ClasspathRootSelector$IdentifierParser org.junit.platform.engine.discovery.DirectorySelector$IdentifierParser org.junit.platform.engine.discovery.FileSelector$IdentifierParser org.junit.platform.engine.discovery.IterationSelector$IdentifierParser org.junit.platform.engine.discovery.MethodSelector$IdentifierParser org.junit.platform.engine.discovery.ModuleSelector$IdentifierParser org.junit.platform.engine.discovery.NestedClassSelector$IdentifierParser org.junit.platform.engine.discovery.NestedMethodSelector$IdentifierParser org.junit.platform.engine.discovery.PackageSelector$IdentifierParser org.junit.platform.engine.discovery.UniqueIdSelector$IdentifierParser org.junit.platform.engine.discovery.UriSelector$IdentifierParser
